// Jest Snapshot v1, https://goo.gl/fbAQLP

exports[`styleguideSpacingTokenNotificationHandler getTeamsMessage method for created notification should match snapshot when there are more than 1 events 1`] = `
{
  "@type": "MessageCard",
  "@context": "https://schema.org/extensions",
  "text": "**2 spacing tokens** are added in _styleguideName_! üèÉ‚Äç‚ôÇ",
  "sections": [
    {
      "text": "Make sure your stylesheets are up to date!",
      "images": []
    }
  ],
  "potentialAction": [
    {
      "@type": "OpenUri",
      "name": "Open in App",
      "targets": [
        {
          "os": "default",
          "uri": "zpl://spacing?stid=styleguideId&sptids=spacingTokenId,anotherSpacingTokenId"
        }
      ]
    },
    {
      "@type": "OpenUri",
      "name": "Open in Web",
      "targets": [
        {
          "os": "default",
          "uri": "https://app.zeplin.io/styleguide/styleguideId/spacing?sptid=spacingTokenId&sptid=anotherSpacingTokenId"
        }
      ]
    }
  ]
}
`;

exports[`styleguideSpacingTokenNotificationHandler getTeamsMessage method for created notification should match snapshot when there is only 1 event 1`] = `
{
  "@type": "MessageCard",
  "@context": "https://schema.org/extensions",
  "text": "**spacingTokenName** is added in _styleguideName_! üèÉ‚Äç‚ôÇ",
  "sections": [
    {
      "text": "Make sure your stylesheets are up to date!",
      "images": []
    }
  ],
  "potentialAction": [
    {
      "@type": "OpenUri",
      "name": "Open in App",
      "targets": [
        {
          "os": "default",
          "uri": "zpl://spacing?stid=styleguideId&sptids=spacingTokenId"
        }
      ]
    },
    {
      "@type": "OpenUri",
      "name": "Open in Web",
      "targets": [
        {
          "os": "default",
          "uri": "https://app.zeplin.io/styleguide/styleguideId/spacing?sptid=spacingTokenId"
        }
      ]
    }
  ]
}
`;

exports[`styleguideSpacingTokenNotificationHandler getTeamsMessage method for updated notification should match snapshot when there are more than 1 events 1`] = `
{
  "@type": "MessageCard",
  "@context": "https://schema.org/extensions",
  "text": "**2 spacing tokens** are updated in _styleguideName_! üèÉ‚Äç‚ôÇ",
  "sections": [
    {
      "text": "Make sure your stylesheets are up to date!",
      "images": []
    }
  ],
  "potentialAction": [
    {
      "@type": "OpenUri",
      "name": "Open in App",
      "targets": [
        {
          "os": "default",
          "uri": "zpl://spacing?stid=styleguideId&sptids=spacingTokenId,anotherSpacingTokenId"
        }
      ]
    },
    {
      "@type": "OpenUri",
      "name": "Open in Web",
      "targets": [
        {
          "os": "default",
          "uri": "https://app.zeplin.io/styleguide/styleguideId/spacing?sptid=spacingTokenId&sptid=anotherSpacingTokenId"
        }
      ]
    }
  ]
}
`;

exports[`styleguideSpacingTokenNotificationHandler getTeamsMessage method for updated notification should match snapshot when there is only 1 event 1`] = `
{
  "@type": "MessageCard",
  "@context": "https://schema.org/extensions",
  "text": "**spacingTokenName** is updated in _styleguideName_! üèÉ‚Äç‚ôÇ",
  "sections": [
    {
      "text": "Make sure your stylesheets are up to date!",
      "images": []
    }
  ],
  "potentialAction": [
    {
      "@type": "OpenUri",
      "name": "Open in App",
      "targets": [
        {
          "os": "default",
          "uri": "zpl://spacing?stid=styleguideId&sptids=spacingTokenId"
        }
      ]
    },
    {
      "@type": "OpenUri",
      "name": "Open in Web",
      "targets": [
        {
          "os": "default",
          "uri": "https://app.zeplin.io/styleguide/styleguideId/spacing?sptid=spacingTokenId"
        }
      ]
    }
  ]
}
`;
