// Jest Snapshot v1, https://goo.gl/fbAQLP

exports[`projectTextStyleHandler getTeamsMessage method for created notification should match snapshot for every possible project platform 1`] = `
{
  "@type": "MessageCard",
  "@context": "https://schema.org/extensions",
  "text": "**textStyleName** is added to _projectName_! ðŸ—ž",
  "sections": [
    {
      "text": "Make sure \`fonts.xml\` is up to date!",
      "images": []
    }
  ],
  "potentialAction": [
    {
      "@type": "OpenUri",
      "name": "Open in App",
      "targets": [
        {
          "os": "default",
          "uri": "https://msteams-app.zeplin.io/api/app-redirect?uri=zpl%3A%2F%2FtextStyles%3Fpid%3DprojectId%26tsids%3DtextStyleId%26ref%3Dmicrosoft-teams"
        }
      ]
    },
    {
      "@type": "OpenUri",
      "name": "Open in Web",
      "targets": [
        {
          "os": "default",
          "uri": "https://app.zeplin.io/project/projectId/styleguide/textstyles?tsid=textStyleId&ref=microsoft-teams"
        }
      ]
    }
  ]
}
`;

exports[`projectTextStyleHandler getTeamsMessage method for created notification should match snapshot for every possible project platform 2`] = `
{
  "@type": "MessageCard",
  "@context": "https://schema.org/extensions",
  "text": "**textStyleName** is added to _projectName_! ðŸ—ž",
  "sections": [
    {
      "text": "Make sure \`UIFont\` category / extension is up to date!",
      "images": []
    }
  ],
  "potentialAction": [
    {
      "@type": "OpenUri",
      "name": "Open in App",
      "targets": [
        {
          "os": "default",
          "uri": "https://msteams-app.zeplin.io/api/app-redirect?uri=zpl%3A%2F%2FtextStyles%3Fpid%3DprojectId%26tsids%3DtextStyleId%26ref%3Dmicrosoft-teams"
        }
      ]
    },
    {
      "@type": "OpenUri",
      "name": "Open in Web",
      "targets": [
        {
          "os": "default",
          "uri": "https://app.zeplin.io/project/projectId/styleguide/textstyles?tsid=textStyleId&ref=microsoft-teams"
        }
      ]
    }
  ]
}
`;

exports[`projectTextStyleHandler getTeamsMessage method for created notification should match snapshot for every possible project platform 3`] = `
{
  "@type": "MessageCard",
  "@context": "https://schema.org/extensions",
  "text": "**textStyleName** is added to _projectName_! ðŸ—ž",
  "sections": [
    {
      "text": "Make sure \`NSFont\` category / extension is up to date!",
      "images": []
    }
  ],
  "potentialAction": [
    {
      "@type": "OpenUri",
      "name": "Open in App",
      "targets": [
        {
          "os": "default",
          "uri": "https://msteams-app.zeplin.io/api/app-redirect?uri=zpl%3A%2F%2FtextStyles%3Fpid%3DprojectId%26tsids%3DtextStyleId%26ref%3Dmicrosoft-teams"
        }
      ]
    },
    {
      "@type": "OpenUri",
      "name": "Open in Web",
      "targets": [
        {
          "os": "default",
          "uri": "https://app.zeplin.io/project/projectId/styleguide/textstyles?tsid=textStyleId&ref=microsoft-teams"
        }
      ]
    }
  ]
}
`;

exports[`projectTextStyleHandler getTeamsMessage method for created notification should match snapshot for every possible project platform 4`] = `
{
  "@type": "MessageCard",
  "@context": "https://schema.org/extensions",
  "text": "**textStyleName** is added to _projectName_! ðŸ—ž",
  "sections": [
    {
      "text": "Make sure your stylesheets are up to date!",
      "images": []
    }
  ],
  "potentialAction": [
    {
      "@type": "OpenUri",
      "name": "Open in App",
      "targets": [
        {
          "os": "default",
          "uri": "https://msteams-app.zeplin.io/api/app-redirect?uri=zpl%3A%2F%2FtextStyles%3Fpid%3DprojectId%26tsids%3DtextStyleId%26ref%3Dmicrosoft-teams"
        }
      ]
    },
    {
      "@type": "OpenUri",
      "name": "Open in Web",
      "targets": [
        {
          "os": "default",
          "uri": "https://app.zeplin.io/project/projectId/styleguide/textstyles?tsid=textStyleId&ref=microsoft-teams"
        }
      ]
    }
  ]
}
`;

exports[`projectTextStyleHandler getTeamsMessage method for created notification should match snapshot when there are more than 1 events 1`] = `
{
  "@type": "MessageCard",
  "@context": "https://schema.org/extensions",
  "text": "**2 text styles** are added to _projectName_! ðŸ—ž",
  "sections": [
    {
      "text": "Make sure your stylesheets are up to date!",
      "images": []
    }
  ],
  "potentialAction": [
    {
      "@type": "OpenUri",
      "name": "Open in App",
      "targets": [
        {
          "os": "default",
          "uri": "https://msteams-app.zeplin.io/api/app-redirect?uri=zpl%3A%2F%2FtextStyles%3Fpid%3DprojectId%26tsids%3DtextStyleId%2CanotherTextStyleId%26ref%3Dmicrosoft-teams"
        }
      ]
    },
    {
      "@type": "OpenUri",
      "name": "Open in Web",
      "targets": [
        {
          "os": "default",
          "uri": "https://app.zeplin.io/project/projectId/styleguide/textstyles?tsid=textStyleId&tsid=anotherTextStyleId&ref=microsoft-teams"
        }
      ]
    }
  ]
}
`;

exports[`projectTextStyleHandler getTeamsMessage method for created notification should match snapshot when there is only 1 event 1`] = `
{
  "@type": "MessageCard",
  "@context": "https://schema.org/extensions",
  "text": "**textStyleName** is added to _projectName_! ðŸ—ž",
  "sections": [
    {
      "text": "Make sure your stylesheets are up to date!",
      "images": []
    }
  ],
  "potentialAction": [
    {
      "@type": "OpenUri",
      "name": "Open in App",
      "targets": [
        {
          "os": "default",
          "uri": "https://msteams-app.zeplin.io/api/app-redirect?uri=zpl%3A%2F%2FtextStyles%3Fpid%3DprojectId%26tsids%3DtextStyleId%26ref%3Dmicrosoft-teams"
        }
      ]
    },
    {
      "@type": "OpenUri",
      "name": "Open in Web",
      "targets": [
        {
          "os": "default",
          "uri": "https://app.zeplin.io/project/projectId/styleguide/textstyles?tsid=textStyleId&ref=microsoft-teams"
        }
      ]
    }
  ]
}
`;

exports[`projectTextStyleHandler getTeamsMessage method for updated notification should match snapshot for every possible project platform 1`] = `
{
  "@type": "MessageCard",
  "@context": "https://schema.org/extensions",
  "text": "**textStyleName** is updated in _projectName_! ðŸ—ž",
  "sections": [
    {
      "text": "Make sure \`fonts.xml\` is up to date!",
      "images": []
    }
  ],
  "potentialAction": [
    {
      "@type": "OpenUri",
      "name": "Open in App",
      "targets": [
        {
          "os": "default",
          "uri": "https://msteams-app.zeplin.io/api/app-redirect?uri=zpl%3A%2F%2FtextStyles%3Fpid%3DprojectId%26tsids%3DtextStyleId%26ref%3Dmicrosoft-teams"
        }
      ]
    },
    {
      "@type": "OpenUri",
      "name": "Open in Web",
      "targets": [
        {
          "os": "default",
          "uri": "https://app.zeplin.io/project/projectId/styleguide/textstyles?tsid=textStyleId&ref=microsoft-teams"
        }
      ]
    }
  ]
}
`;

exports[`projectTextStyleHandler getTeamsMessage method for updated notification should match snapshot for every possible project platform 2`] = `
{
  "@type": "MessageCard",
  "@context": "https://schema.org/extensions",
  "text": "**textStyleName** is updated in _projectName_! ðŸ—ž",
  "sections": [
    {
      "text": "Make sure \`UIFont\` category / extension is up to date!",
      "images": []
    }
  ],
  "potentialAction": [
    {
      "@type": "OpenUri",
      "name": "Open in App",
      "targets": [
        {
          "os": "default",
          "uri": "https://msteams-app.zeplin.io/api/app-redirect?uri=zpl%3A%2F%2FtextStyles%3Fpid%3DprojectId%26tsids%3DtextStyleId%26ref%3Dmicrosoft-teams"
        }
      ]
    },
    {
      "@type": "OpenUri",
      "name": "Open in Web",
      "targets": [
        {
          "os": "default",
          "uri": "https://app.zeplin.io/project/projectId/styleguide/textstyles?tsid=textStyleId&ref=microsoft-teams"
        }
      ]
    }
  ]
}
`;

exports[`projectTextStyleHandler getTeamsMessage method for updated notification should match snapshot for every possible project platform 3`] = `
{
  "@type": "MessageCard",
  "@context": "https://schema.org/extensions",
  "text": "**textStyleName** is updated in _projectName_! ðŸ—ž",
  "sections": [
    {
      "text": "Make sure \`NSFont\` category / extension is up to date!",
      "images": []
    }
  ],
  "potentialAction": [
    {
      "@type": "OpenUri",
      "name": "Open in App",
      "targets": [
        {
          "os": "default",
          "uri": "https://msteams-app.zeplin.io/api/app-redirect?uri=zpl%3A%2F%2FtextStyles%3Fpid%3DprojectId%26tsids%3DtextStyleId%26ref%3Dmicrosoft-teams"
        }
      ]
    },
    {
      "@type": "OpenUri",
      "name": "Open in Web",
      "targets": [
        {
          "os": "default",
          "uri": "https://app.zeplin.io/project/projectId/styleguide/textstyles?tsid=textStyleId&ref=microsoft-teams"
        }
      ]
    }
  ]
}
`;

exports[`projectTextStyleHandler getTeamsMessage method for updated notification should match snapshot for every possible project platform 4`] = `
{
  "@type": "MessageCard",
  "@context": "https://schema.org/extensions",
  "text": "**textStyleName** is updated in _projectName_! ðŸ—ž",
  "sections": [
    {
      "text": "Make sure your stylesheets are up to date!",
      "images": []
    }
  ],
  "potentialAction": [
    {
      "@type": "OpenUri",
      "name": "Open in App",
      "targets": [
        {
          "os": "default",
          "uri": "https://msteams-app.zeplin.io/api/app-redirect?uri=zpl%3A%2F%2FtextStyles%3Fpid%3DprojectId%26tsids%3DtextStyleId%26ref%3Dmicrosoft-teams"
        }
      ]
    },
    {
      "@type": "OpenUri",
      "name": "Open in Web",
      "targets": [
        {
          "os": "default",
          "uri": "https://app.zeplin.io/project/projectId/styleguide/textstyles?tsid=textStyleId&ref=microsoft-teams"
        }
      ]
    }
  ]
}
`;

exports[`projectTextStyleHandler getTeamsMessage method for updated notification should match snapshot when there are more than 1 events 1`] = `
{
  "@type": "MessageCard",
  "@context": "https://schema.org/extensions",
  "text": "**2 text styles** are updated in _projectName_! ðŸ—ž",
  "sections": [
    {
      "text": "Make sure your stylesheets are up to date!",
      "images": []
    }
  ],
  "potentialAction": [
    {
      "@type": "OpenUri",
      "name": "Open in App",
      "targets": [
        {
          "os": "default",
          "uri": "https://msteams-app.zeplin.io/api/app-redirect?uri=zpl%3A%2F%2FtextStyles%3Fpid%3DprojectId%26tsids%3DtextStyleId%2CanotherTextStyleId%26ref%3Dmicrosoft-teams"
        }
      ]
    },
    {
      "@type": "OpenUri",
      "name": "Open in Web",
      "targets": [
        {
          "os": "default",
          "uri": "https://app.zeplin.io/project/projectId/styleguide/textstyles?tsid=textStyleId&tsid=anotherTextStyleId&ref=microsoft-teams"
        }
      ]
    }
  ]
}
`;

exports[`projectTextStyleHandler getTeamsMessage method for updated notification should match snapshot when there is only 1 event 1`] = `
{
  "@type": "MessageCard",
  "@context": "https://schema.org/extensions",
  "text": "**textStyleName** is updated in _projectName_! ðŸ—ž",
  "sections": [
    {
      "text": "Make sure your stylesheets are up to date!",
      "images": []
    }
  ],
  "potentialAction": [
    {
      "@type": "OpenUri",
      "name": "Open in App",
      "targets": [
        {
          "os": "default",
          "uri": "https://msteams-app.zeplin.io/api/app-redirect?uri=zpl%3A%2F%2FtextStyles%3Fpid%3DprojectId%26tsids%3DtextStyleId%26ref%3Dmicrosoft-teams"
        }
      ]
    },
    {
      "@type": "OpenUri",
      "name": "Open in Web",
      "targets": [
        {
          "os": "default",
          "uri": "https://app.zeplin.io/project/projectId/styleguide/textstyles?tsid=textStyleId&ref=microsoft-teams"
        }
      ]
    }
  ]
}
`;
