// Jest Snapshot v1, https://goo.gl/fbAQLP

exports[`projectTextStyleNotificationHandler getTeamsMessage method for created notification should match snapshot when there are more than 1 events 1`] = `
{
  "@type": "MessageCard",
  "@context": "https://schema.org/extensions",
  "text": "**2 text styles** are added in _projectName_! üèÉ‚Äç‚ôÇ",
  "sections": [
    {
      "text": "Make sure your stylesheets are up to date!",
      "images": []
    }
  ],
  "potentialAction": [
    {
      "@type": "OpenUri",
      "name": "Open in App",
      "targets": [
        {
          "os": "default",
          "uri": "zpl://textStyles?pid=projectId&tsids=textStyleId,anotherTextStyleId"
        }
      ]
    },
    {
      "@type": "OpenUri",
      "name": "Open in Web",
      "targets": [
        {
          "os": "default",
          "uri": "https://app.zeplin.io/project/projectId/styleguide/textstyles?tsid=textStyleId&tsid=anotherTextStyleId"
        }
      ]
    }
  ]
}
`;

exports[`projectTextStyleNotificationHandler getTeamsMessage method for created notification should match snapshot when there is only 1 event 1`] = `
{
  "@type": "MessageCard",
  "@context": "https://schema.org/extensions",
  "text": "**textStyleName** is added in _projectName_! üèÉ‚Äç‚ôÇ",
  "sections": [
    {
      "text": "Make sure your stylesheets are up to date!",
      "images": []
    }
  ],
  "potentialAction": [
    {
      "@type": "OpenUri",
      "name": "Open in App",
      "targets": [
        {
          "os": "default",
          "uri": "zpl://textStyles?pid=projectId&tsids=textStyleId"
        }
      ]
    },
    {
      "@type": "OpenUri",
      "name": "Open in Web",
      "targets": [
        {
          "os": "default",
          "uri": "https://app.zeplin.io/project/projectId/styleguide/textstyles?tsid=textStyleId"
        }
      ]
    }
  ]
}
`;

exports[`projectTextStyleNotificationHandler getTeamsMessage method for updated notification should match snapshot when there are more than 1 events 1`] = `
{
  "@type": "MessageCard",
  "@context": "https://schema.org/extensions",
  "text": "**2 text styles** are updated in _projectName_! üèÉ‚Äç‚ôÇ",
  "sections": [
    {
      "text": "Make sure your stylesheets are up to date!",
      "images": []
    }
  ],
  "potentialAction": [
    {
      "@type": "OpenUri",
      "name": "Open in App",
      "targets": [
        {
          "os": "default",
          "uri": "zpl://textStyles?pid=projectId&tsids=textStyleId,anotherTextStyleId"
        }
      ]
    },
    {
      "@type": "OpenUri",
      "name": "Open in Web",
      "targets": [
        {
          "os": "default",
          "uri": "https://app.zeplin.io/project/projectId/styleguide/textstyles?tsid=textStyleId&tsid=anotherTextStyleId"
        }
      ]
    }
  ]
}
`;

exports[`projectTextStyleNotificationHandler getTeamsMessage method for updated notification should match snapshot when there is only 1 event 1`] = `
{
  "@type": "MessageCard",
  "@context": "https://schema.org/extensions",
  "text": "**textStyleName** is updated in _projectName_! üèÉ‚Äç‚ôÇ",
  "sections": [
    {
      "text": "Make sure your stylesheets are up to date!",
      "images": []
    }
  ],
  "potentialAction": [
    {
      "@type": "OpenUri",
      "name": "Open in App",
      "targets": [
        {
          "os": "default",
          "uri": "zpl://textStyles?pid=projectId&tsids=textStyleId"
        }
      ]
    },
    {
      "@type": "OpenUri",
      "name": "Open in Web",
      "targets": [
        {
          "os": "default",
          "uri": "https://app.zeplin.io/project/projectId/styleguide/textstyles?tsid=textStyleId"
        }
      ]
    }
  ]
}
`;
