// Jest Snapshot v1, https://goo.gl/fbAQLP

exports[`projectNoteNotificationHandler getTeamsMessage should match snapshot 1`] = `
{
  "@type": "MessageCard",
  "@context": "https://schema.org/extensions",
  "text": "**sertac** replied to note _#1_ on _Manage Zeplin Connector_ screen in _Project MS Teams Integration_. üèÉ‚Äç‚ôÇ",
  "sections": [
    {
      "text": "cok guzel keyfimiz var",
      "images": []
    }
  ],
  "potentialAction": [
    {
      "@type": "OpenUri",
      "name": "Open in App",
      "targets": [
        {
          "os": "default",
          "uri": "https://msteams-app.zeplin.io/api/app-redirect?uri=zpl%3A%2F%2Fdot%3Fpid%3DprojectId%26sid%3DscreenId%26did%3DnoteId%26cmids%3DcommentId"
        }
      ]
    },
    {
      "@type": "OpenUri",
      "name": "Open in Web",
      "targets": [
        {
          "os": "default",
          "uri": "https://app.zeplin.io/project/projectId/screen/screenId?did=noteId&cmid=commentId"
        }
      ]
    }
  ]
}
`;
