// Jest Snapshot v1, https://goo.gl/fbAQLP

exports[`projectColorHandler getTeamsMessage method for created notification should match snapshot when there are more than 1 events 1`] = `
{
  "@type": "MessageCard",
  "@context": "https://schema.org/extensions",
  "text": "**2 new colors** are added in _projectName_! üèÉ‚Äç‚ôÇ",
  "sections": [
    {
      "text": "Make sure your stylesheets are up to date!",
      "images": []
    }
  ],
  "potentialAction": [
    {
      "@type": "OpenUri",
      "name": "Open in App",
      "targets": [
        {
          "os": "default",
          "uri": "https://msteams-app.zeplin.io/api/app-redirect?uri=zpl%3A%2F%2Fcolors%3Fpid%3DprojectId%26cids%3DcolorId%2CanotherColorId"
        }
      ]
    },
    {
      "@type": "OpenUri",
      "name": "Open in Web",
      "targets": [
        {
          "os": "default",
          "uri": "https://app.zeplin.io/project/projectId/styleguide/colors?cid=colorId&cid=anotherColorId"
        }
      ]
    }
  ]
}
`;

exports[`projectColorHandler getTeamsMessage method for created notification should match snapshot when there is only 1 event 1`] = `
{
  "@type": "MessageCard",
  "@context": "https://schema.org/extensions",
  "text": "**colorName** is added in _projectName_! üèÉ‚Äç‚ôÇ",
  "sections": [
    {
      "text": "Make sure your stylesheets are up to date!",
      "images": []
    }
  ],
  "potentialAction": [
    {
      "@type": "OpenUri",
      "name": "Open in App",
      "targets": [
        {
          "os": "default",
          "uri": "https://msteams-app.zeplin.io/api/app-redirect?uri=zpl%3A%2F%2Fcolors%3Fpid%3DprojectId%26cids%3DcolorId"
        }
      ]
    },
    {
      "@type": "OpenUri",
      "name": "Open in Web",
      "targets": [
        {
          "os": "default",
          "uri": "https://app.zeplin.io/project/projectId/styleguide/colors?cid=colorId"
        }
      ]
    }
  ]
}
`;

exports[`projectColorHandler getTeamsMessage method for updated notification should match snapshot when there are more than 1 events 1`] = `
{
  "@type": "MessageCard",
  "@context": "https://schema.org/extensions",
  "text": "**2 new colors** are updated in _projectName_! üèÉ‚Äç‚ôÇ",
  "sections": [
    {
      "text": "Make sure your stylesheets are up to date!",
      "images": []
    }
  ],
  "potentialAction": [
    {
      "@type": "OpenUri",
      "name": "Open in App",
      "targets": [
        {
          "os": "default",
          "uri": "https://msteams-app.zeplin.io/api/app-redirect?uri=zpl%3A%2F%2Fcolors%3Fpid%3DprojectId%26cids%3DcolorId%2CanotherColorId"
        }
      ]
    },
    {
      "@type": "OpenUri",
      "name": "Open in Web",
      "targets": [
        {
          "os": "default",
          "uri": "https://app.zeplin.io/project/projectId/styleguide/colors?cid=colorId&cid=anotherColorId"
        }
      ]
    }
  ]
}
`;

exports[`projectColorHandler getTeamsMessage method for updated notification should match snapshot when there is only 1 event 1`] = `
{
  "@type": "MessageCard",
  "@context": "https://schema.org/extensions",
  "text": "**colorName** is updated in _projectName_! üèÉ‚Äç‚ôÇ",
  "sections": [
    {
      "text": "Make sure your stylesheets are up to date!",
      "images": []
    }
  ],
  "potentialAction": [
    {
      "@type": "OpenUri",
      "name": "Open in App",
      "targets": [
        {
          "os": "default",
          "uri": "https://msteams-app.zeplin.io/api/app-redirect?uri=zpl%3A%2F%2Fcolors%3Fpid%3DprojectId%26cids%3DcolorId"
        }
      ]
    },
    {
      "@type": "OpenUri",
      "name": "Open in Web",
      "targets": [
        {
          "os": "default",
          "uri": "https://app.zeplin.io/project/projectId/styleguide/colors?cid=colorId"
        }
      ]
    }
  ]
}
`;
