// Jest Snapshot v1, https://goo.gl/fbAQLP

exports[`projectNoteHandler getTeamsMessage should match snapshot 1`] = `
{
  "@type": "MessageCard",
  "@context": "https://schema.org/extensions",
  "text": "**sertac** added a note on _Manage Zeplin Connector_ screen in _Project Microsoft Teams Integration_. ðŸ—ž",
  "sections": [
    {
      "text": "Naptin nettin nettin naptin?",
      "images": []
    }
  ],
  "potentialAction": [
    {
      "@type": "OpenUri",
      "name": "Open in App",
      "targets": [
        {
          "os": "default",
          "uri": "https://msteams-app.zeplin.io/api/app-redirect?uri=zpl%3A%2F%2Fdot%3Fpid%3DprojectId%26sid%3DscreenId%26did%3DnoteId%26ref%3Dmicrosoft-teams"
        }
      ]
    },
    {
      "@type": "OpenUri",
      "name": "Open in Web",
      "targets": [
        {
          "os": "default",
          "uri": "https://app.zeplin.io/project/projectId/screen/screenId?did=noteId&ref=microsoft-teams"
        }
      ]
    }
  ]
}
`;
